Godot Engine v4.7.2.stable.official.ed1daf0bf - https://godotengine.org

ERROR: Failed to read the root certificate store.
   at: get_system_ca_certificates (platform/windows/os_windows.cpp:2582)
[   0% ] first_scan_filesystem | Started Project initialization (5 steps)
[   0% ] first_scan_filesystem | Scanning file structure...
[  16% ] first_scan_filesystem | Loading global class names...
[  33% ] first_scan_filesystem | Verifying GDExtensions...
[  50% ] first_scan_filesystem | Creating autoload scripts...
[  66% ] first_scan_filesystem | Initializing plugins...
[  83% ] first_scan_filesystem | Starting file scan...
[ DONE ] first_scan_filesystem

[   0% ] update_scripts_classes | Started Registering global classes... (5 steps)
[   0% ] update_scripts_classes | 
[  16% ] update_scripts_classes | 
[  33% ] update_scripts_classes | 
[  50% ] update_scripts_classes | 
[  66% ] update_scripts_classes | 
[ DONE ] update_scripts_classes

[   0% ] _update_scan_actions | Started Scanning actions... (19 steps)
[   0% ] _update_scan_actions | archive_display_plinth.glb
[   5% ] _update_scan_actions | archive_record_large.glb
[  10% ] _update_scan_actions | archive_record_small.glb
[  15% ] _update_scan_actions | catalog_lectern.glb
[  20% ] _update_scan_actions | curved_floor_perimeter_wedge.glb
[  25% ] _update_scan_actions | main_floor_slab.glb
[  30% ] _update_scan_actions | passage_portal_bay_frame.glb
[  35% ] _update_scan_actions | rail_module_joiner.glb
[  40% ] _update_scan_actions | rail_recessed_light_insert.glb
[  45% ] _update_scan_actions | reading_bench.glb
[  50% ] _update_scan_actions | record_stack_end_cap.glb
[  55% ] _update_scan_actions | record_stack_shelf_bay.glb
[  60% ] _update_scan_actions | shelf_light_channel.glb
[  65% ] _update_scan_actions | structural_pier_a.glb
[  70% ] _update_scan_actions | timeline_end_cap.glb
[  75% ] _update_scan_actions | timeline_rail_housing.glb
[  80% ] _update_scan_actions | timeline_start_cap.glb
[  85% ] _update_scan_actions | wall_infill_bay.glb
[  90% ] _update_scan_actions | window_bay_frame.glb
[ DONE ] _update_scan_actions

[   0% ] reimport | Started (Re)Importing Assets (19 steps)
[   0% ] reimport | Preparing files to reimport...
[   5% ] reimport | Preparing files to reimport...
[  10% ] reimport | Preparing files to reimport...
[  15% ] reimport | Preparing files to reimport...
[  20% ] reimport | Preparing files to reimport...
[  25% ] reimport | Preparing files to reimport...
[  30% ] reimport | Preparing files to reimport...
[  35% ] reimport | Preparing files to reimport...
[  40% ] reimport | Preparing files to reimport...
[  45% ] reimport | Preparing files to reimport...
[  50% ] reimport | Preparing files to reimport...
[  55% ] reimport | Preparing files to reimport...
[  60% ] reimport | Preparing files to reimport...
[  65% ] reimport | Preparing files to reimport...
[  70% ] reimport | Preparing files to reimport...
[  75% ] reimport | Preparing files to reimport...
[  80% ] reimport | Preparing files to reimport...
[  85% ] reimport | Preparing files to reimport...
[  90% ] reimport | Preparing files to reimport...
[   0% ] reimport | Executing pre-reimport operations...
[   0% ] preload_reimporting_scene | Started Preparing scenes for reload (1 steps)
[   0% ] preload_reimporting_scene | Analyzing scene [empty]
[  50% ] preload_reimporting_scene | Preparation done.
[ DONE ] preload_reimporting_scene

[   0% ] reimport | window_bay_frame.glb
[   0% ] import | Started Import Scene (104 steps)
[   0% ] import | Importing Scene...
[   1% ] import | Running Custom Script...
[  99% ] import | Saving...
[ DONE ] import

[   5% ] reimport | wall_infill_bay.glb
[   0% ] import | Started Import Scene (104 steps)
[   0% ] import | Importing Scene...
[   1% ] import | Running Custom Script...
[  99% ] import | Saving...
[ DONE ] import

[  10% ] reimport | timeline_start_cap.glb
[   0% ] import | Started Import Scene (104 steps)
[   0% ] import | Importing Scene...
[   1% ] import | Running Custom Script...
[  99% ] import | Saving...
[ DONE ] import

[  15% ] reimport | timeline_rail_housing.glb
[   0% ] import | Started Import Scene (104 steps)
[   0% ] import | Importing Scene...
[   1% ] import | Running Custom Script...
[  99% ] import | Saving...
[ DONE ] import

[  20% ] reimport | timeline_end_cap.glb
[   0% ] import | Started Import Scene (104 steps)
[   0% ] import | Importing Scene...
[   1% ] import | Running Custom Script...
[  99% ] import | Saving...
[ DONE ] import

[  25% ] reimport | structural_pier_a.glb
[   0% ] import | Started Import Scene (104 steps)
[   0% ] import | Importing Scene...
[   1% ] import | Running Custom Script...
[  99% ] import | Saving...
[ DONE ] import

[  30% ] reimport | shelf_light_channel.glb
[   0% ] import | Started Import Scene (104 steps)
[   0% ] import | Importing Scene...
[   1% ] import | Running Custom Script...
[  99% ] import | Saving...
[ DONE ] import

[  35% ] reimport | record_stack_shelf_bay.glb
[   0% ] import | Started Import Scene (104 steps)
[   0% ] import | Importing Scene...
[   1% ] import | Running Custom Script...
[  99% ] import | Saving...
[ DONE ] import

[  40% ] reimport | record_stack_end_cap.glb
[   0% ] import | Started Import Scene (104 steps)
[   0% ] import | Importing Scene...
[   1% ] import | Running Custom Script...
[  99% ] import | Saving...
[ DONE ] import

[  45% ] reimport | reading_bench.glb
[   0% ] import | Started Import Scene (104 steps)
[   0% ] import | Importing Scene...
[   1% ] import | Running Custom Script...
[  99% ] import | Saving...
[ DONE ] import

[  50% ] reimport | rail_recessed_light_insert.glb
[   0% ] import | Started Import Scene (104 steps)
[   0% ] import | Importing Scene...
[   1% ] import | Running Custom Script...
[  99% ] import | Saving...
[ DONE ] import

[  55% ] reimport | rail_module_joiner.glb
[   0% ] import | Started Import Scene (104 steps)
[   0% ] import | Importing Scene...
[   1% ] import | Running Custom Script...
[  99% ] import | Saving...
[ DONE ] import

[  60% ] reimport | passage_portal_bay_frame.glb
[   0% ] import | Started Import Scene (104 steps)
[   0% ] import | Importing Scene...
[   1% ] import | Running Custom Script...
[  99% ] import | Saving...
[ DONE ] import

[  65% ] reimport | main_floor_slab.glb
[   0% ] import | Started Import Scene (104 steps)
[   0% ] import | Importing Scene...
[   1% ] import | Running Custom Script...
[  99% ] import | Saving...
[ DONE ] import

[  70% ] reimport | curved_floor_perimeter_wedge.glb
[   0% ] import | Started Import Scene (104 steps)
[   0% ] import | Importing Scene...
[   1% ] import | Running Custom Script...
[  99% ] import | Saving...
[ DONE ] import

[  75% ] reimport | catalog_lectern.glb
[   0% ] import | Started Import Scene (104 steps)
[   0% ] import | Importing Scene...
[   1% ] import | Running Custom Script...
[  99% ] import | Saving...
[ DONE ] import

[  80% ] reimport | archive_record_small.glb
[   0% ] import | Started Import Scene (104 steps)
[   0% ] import | Importing Scene...
[   1% ] import | Running Custom Script...
[  99% ] import | Saving...
[ DONE ] import

[  85% ] reimport | archive_record_large.glb
[   0% ] import | Started Import Scene (104 steps)
[   0% ] import | Importing Scene...
[   1% ] import | Running Custom Script...
[  99% ] import | Saving...
[ DONE ] import

[  90% ] reimport | archive_display_plinth.glb
[   0% ] import | Started Import Scene (104 steps)
[   0% ] import | Importing Scene...
[   1% ] import | Running Custom Script...
[  99% ] import | Saving...
[ DONE ] import

[  95% ] reimport | Finalizing Asset Import...
[ DONE ] reimport

[   0% ] reimport | Started (Re)Importing Assets (19 steps)
[   0% ] reimport | Executing post-reimport operations...
[ DONE ] reimport

[   0% ] loading_editor_layout | Started Loading editor (5 steps)
[   0% ] loading_editor_layout | Loading editor layout...
[  16% ] loading_editor_layout | Loading docks...
[ DONE ] loading_editor_layout

