Godot Engine v4.7.2.stable.official.ed1daf0bf - https://godotengine.org

ERROR: Failed to read the root certificate store.
   at: get_system_ca_certificates (platform/windows/os_windows.cpp:2582)
[   0% ] first_scan_filesystem | Started Project initialization (5 steps)
[   0% ] first_scan_filesystem | Scanning file structure...
[  16% ] first_scan_filesystem | Loading global class names...
[  33% ] first_scan_filesystem | Verifying GDExtensions...
[  50% ] first_scan_filesystem | Creating autoload scripts...
[  66% ] first_scan_filesystem | Initializing plugins...
[  83% ] first_scan_filesystem | Starting file scan...
[ DONE ] first_scan_filesystem

[   0% ] update_scripts_classes | Started Registering global classes... (3 steps)
[   0% ] update_scripts_classes | 
[  25% ] update_scripts_classes | 
[  50% ] update_scripts_classes | 
[ DONE ] update_scripts_classes

[   0% ] _update_scan_actions | Started Scanning actions... (13 steps)
[   0% ] _update_scan_actions | archive_record_large.glb
[   7% ] _update_scan_actions | archive_record_small.glb
[  14% ] _update_scan_actions | passage_portal_bay_frame.glb
[  21% ] _update_scan_actions | rail_module_joiner.glb
[  28% ] _update_scan_actions | rail_recessed_light_insert.glb
[  35% ] _update_scan_actions | record_stack_shelf_bay.glb
[  42% ] _update_scan_actions | shelf_light_channel.glb
[  50% ] _update_scan_actions | structural_pier_a.glb
[  57% ] _update_scan_actions | timeline_end_cap.glb
[  64% ] _update_scan_actions | timeline_rail_housing.glb
[  71% ] _update_scan_actions | timeline_start_cap.glb
[  78% ] _update_scan_actions | wall_infill_bay.glb
[  85% ] _update_scan_actions | window_bay_frame.glb
[ DONE ] _update_scan_actions

[   0% ] reimport | Started (Re)Importing Assets (13 steps)
[   0% ] reimport | Preparing files to reimport...
[   7% ] reimport | Preparing files to reimport...
[  14% ] reimport | Preparing files to reimport...
[  21% ] reimport | Preparing files to reimport...
[  28% ] reimport | Preparing files to reimport...
[  35% ] reimport | Preparing files to reimport...
[  42% ] reimport | Preparing files to reimport...
[  50% ] reimport | Preparing files to reimport...
[  57% ] reimport | Preparing files to reimport...
[  64% ] reimport | Preparing files to reimport...
[  71% ] reimport | Preparing files to reimport...
[  78% ] reimport | Preparing files to reimport...
[  85% ] reimport | Preparing files to reimport...
[   0% ] reimport | Executing pre-reimport operations...
[   0% ] preload_reimporting_scene | Started Preparing scenes for reload (1 steps)
[   0% ] preload_reimporting_scene | Analyzing scene [empty]
[  50% ] preload_reimporting_scene | Preparation done.
[ DONE ] preload_reimporting_scene

[   0% ] reimport | archive_record_large.glb
[   0% ] import | Started Import Scene (104 steps)
[   0% ] import | Importing Scene...
[   1% ] import | Running Custom Script...
[  99% ] import | Saving...
[ DONE ] import

[   7% ] reimport | archive_record_small.glb
[   0% ] import | Started Import Scene (104 steps)
[   0% ] import | Importing Scene...
[   1% ] import | Running Custom Script...
[  99% ] import | Saving...
[ DONE ] import

[  14% ] reimport | passage_portal_bay_frame.glb
[   0% ] import | Started Import Scene (104 steps)
[   0% ] import | Importing Scene...
[   1% ] import | Running Custom Script...
[  99% ] import | Saving...
[ DONE ] import

[  21% ] reimport | rail_module_joiner.glb
[   0% ] import | Started Import Scene (104 steps)
[   0% ] import | Importing Scene...
[   1% ] import | Running Custom Script...
[  99% ] import | Saving...
[ DONE ] import

[  28% ] reimport | rail_recessed_light_insert.glb
[   0% ] import | Started Import Scene (104 steps)
[   0% ] import | Importing Scene...
[   1% ] import | Running Custom Script...
[  99% ] import | Saving...
[ DONE ] import

[  35% ] reimport | record_stack_shelf_bay.glb
[   0% ] import | Started Import Scene (104 steps)
[   0% ] import | Importing Scene...
[   1% ] import | Running Custom Script...
[  99% ] import | Saving...
[ DONE ] import

[  42% ] reimport | shelf_light_channel.glb
[   0% ] import | Started Import Scene (104 steps)
[   0% ] import | Importing Scene...
[   1% ] import | Running Custom Script...
[  99% ] import | Saving...
[ DONE ] import

[  50% ] reimport | structural_pier_a.glb
[   0% ] import | Started Import Scene (104 steps)
[   0% ] import | Importing Scene...
[   1% ] import | Running Custom Script...
[  99% ] import | Saving...
[ DONE ] import

[  57% ] reimport | timeline_end_cap.glb
[   0% ] import | Started Import Scene (104 steps)
[   0% ] import | Importing Scene...
[   1% ] import | Running Custom Script...
[  99% ] import | Saving...
[ DONE ] import

[  64% ] reimport | timeline_rail_housing.glb
[   0% ] import | Started Import Scene (104 steps)
[   0% ] import | Importing Scene...
[   1% ] import | Running Custom Script...
[  99% ] import | Saving...
[ DONE ] import

[  71% ] reimport | timeline_start_cap.glb
[   0% ] import | Started Import Scene (104 steps)
[   0% ] import | Importing Scene...
[   1% ] import | Running Custom Script...
[  99% ] import | Saving...
[ DONE ] import

[  78% ] reimport | wall_infill_bay.glb
[   0% ] import | Started Import Scene (104 steps)
[   0% ] import | Importing Scene...
[   1% ] import | Running Custom Script...
[  99% ] import | Saving...
[ DONE ] import

[  85% ] reimport | window_bay_frame.glb
[   0% ] import | Started Import Scene (104 steps)
[   0% ] import | Importing Scene...
[   1% ] import | Running Custom Script...
[  99% ] import | Saving...
[ DONE ] import

[  92% ] reimport | Finalizing Asset Import...
[ DONE ] reimport

[   0% ] reimport | Started (Re)Importing Assets (13 steps)
[   0% ] reimport | Executing post-reimport operations...
[ DONE ] reimport

[   0% ] loading_editor_layout | Started Loading editor (5 steps)
[   0% ] loading_editor_layout | Loading editor layout...
[  16% ] loading_editor_layout | Loading docks...
[ DONE ] loading_editor_layout

