Godot Engine v4.7.2.stable.official.ed1daf0bf - https://godotengine.org

ERROR: Failed to read the root certificate store.
   at: get_system_ca_certificates (platform/windows/os_windows.cpp:2582)
[   0% ] first_scan_filesystem | Started Project initialization (5 steps)
[   0% ] first_scan_filesystem | Scanning file structure...
[  16% ] first_scan_filesystem | Loading global class names...
[  33% ] first_scan_filesystem | Verifying GDExtensions...
[  50% ] first_scan_filesystem | Creating autoload scripts...
[  66% ] first_scan_filesystem | Initializing plugins...
[  83% ] first_scan_filesystem | Starting file scan...
[ DONE ] first_scan_filesystem

[   0% ] update_scripts_classes | Started Registering global classes... (4 steps)
[   0% ] update_scripts_classes | 
[  20% ] update_scripts_classes | 
[  40% ] update_scripts_classes | 
[  60% ] update_scripts_classes | 
[ DONE ] update_scripts_classes

[   0% ] _update_scan_actions | Started Scanning actions... (17 steps)
[   0% ] _update_scan_actions | archive_display_plinth.glb
[   5% ] _update_scan_actions | archive_record_large.glb
[  11% ] _update_scan_actions | archive_record_small.glb
[  16% ] _update_scan_actions | catalog_lectern.glb
[  22% ] _update_scan_actions | passage_portal_bay_frame.glb
[  27% ] _update_scan_actions | rail_module_joiner.glb
[  33% ] _update_scan_actions | rail_recessed_light_insert.glb
[  38% ] _update_scan_actions | reading_bench.glb
[  44% ] _update_scan_actions | record_stack_end_cap.glb
[  50% ] _update_scan_actions | record_stack_shelf_bay.glb
[  55% ] _update_scan_actions | shelf_light_channel.glb
[  61% ] _update_scan_actions | structural_pier_a.glb
[  66% ] _update_scan_actions | timeline_end_cap.glb
[  72% ] _update_scan_actions | timeline_rail_housing.glb
[  77% ] _update_scan_actions | timeline_start_cap.glb
[  83% ] _update_scan_actions | wall_infill_bay.glb
[  88% ] _update_scan_actions | window_bay_frame.glb
[ DONE ] _update_scan_actions

[   0% ] reimport | Started (Re)Importing Assets (17 steps)
[   0% ] reimport | Preparing files to reimport...
[   5% ] reimport | Preparing files to reimport...
[  11% ] reimport | Preparing files to reimport...
[  16% ] reimport | Preparing files to reimport...
[  22% ] reimport | Preparing files to reimport...
[  27% ] reimport | Preparing files to reimport...
[  33% ] reimport | Preparing files to reimport...
[  38% ] reimport | Preparing files to reimport...
[  44% ] reimport | Preparing files to reimport...
[  50% ] reimport | Preparing files to reimport...
[  55% ] reimport | Preparing files to reimport...
[  61% ] reimport | Preparing files to reimport...
[  66% ] reimport | Preparing files to reimport...
[  72% ] reimport | Preparing files to reimport...
[  77% ] reimport | Preparing files to reimport...
[  83% ] reimport | Preparing files to reimport...
[  88% ] reimport | Preparing files to reimport...
[   0% ] reimport | Executing pre-reimport operations...
[   0% ] preload_reimporting_scene | Started Preparing scenes for reload (1 steps)
[   0% ] preload_reimporting_scene | Analyzing scene [empty]
[  50% ] preload_reimporting_scene | Preparation done.
[ DONE ] preload_reimporting_scene

[   0% ] reimport | window_bay_frame.glb
[   0% ] import | Started Import Scene (104 steps)
[   0% ] import | Importing Scene...
[   1% ] import | Running Custom Script...
[  99% ] import | Saving...
[ DONE ] import

[   5% ] reimport | wall_infill_bay.glb
[   0% ] import | Started Import Scene (104 steps)
[   0% ] import | Importing Scene...
[   1% ] import | Running Custom Script...
[  99% ] import | Saving...
[ DONE ] import

[  11% ] reimport | timeline_start_cap.glb
[   0% ] import | Started Import Scene (104 steps)
[   0% ] import | Importing Scene...
[   1% ] import | Running Custom Script...
[  99% ] import | Saving...
[ DONE ] import

[  16% ] reimport | timeline_rail_housing.glb
[   0% ] import | Started Import Scene (104 steps)
[   0% ] import | Importing Scene...
[   1% ] import | Running Custom Script...
[  99% ] import | Saving...
[ DONE ] import

[  22% ] reimport | timeline_end_cap.glb
[   0% ] import | Started Import Scene (104 steps)
[   0% ] import | Importing Scene...
[   1% ] import | Running Custom Script...
[  99% ] import | Saving...
[ DONE ] import

[  27% ] reimport | structural_pier_a.glb
[   0% ] import | Started Import Scene (104 steps)
[   0% ] import | Importing Scene...
[   1% ] import | Running Custom Script...
[  99% ] import | Saving...
[ DONE ] import

[  33% ] reimport | shelf_light_channel.glb
[   0% ] import | Started Import Scene (104 steps)
[   0% ] import | Importing Scene...
[   1% ] import | Running Custom Script...
[  99% ] import | Saving...
[ DONE ] import

[  38% ] reimport | record_stack_shelf_bay.glb
[   0% ] import | Started Import Scene (104 steps)
[   0% ] import | Importing Scene...
[   1% ] import | Running Custom Script...
[  99% ] import | Saving...
[ DONE ] import

[  44% ] reimport | record_stack_end_cap.glb
[   0% ] import | Started Import Scene (104 steps)
[   0% ] import | Importing Scene...
[   1% ] import | Running Custom Script...
[  99% ] import | Saving...
[ DONE ] import

[  50% ] reimport | reading_bench.glb
[   0% ] import | Started Import Scene (104 steps)
[   0% ] import | Importing Scene...
[   1% ] import | Running Custom Script...
[  99% ] import | Saving...
[ DONE ] import

[  55% ] reimport | rail_recessed_light_insert.glb
[   0% ] import | Started Import Scene (104 steps)
[   0% ] import | Importing Scene...
[   1% ] import | Running Custom Script...
[  99% ] import | Saving...
[ DONE ] import

[  61% ] reimport | rail_module_joiner.glb
[   0% ] import | Started Import Scene (104 steps)
[   0% ] import | Importing Scene...
[   1% ] import | Running Custom Script...
[  99% ] import | Saving...
[ DONE ] import

[  66% ] reimport | passage_portal_bay_frame.glb
[   0% ] import | Started Import Scene (104 steps)
[   0% ] import | Importing Scene...
[   1% ] import | Running Custom Script...
[  99% ] import | Saving...
[ DONE ] import

[  72% ] reimport | catalog_lectern.glb
[   0% ] import | Started Import Scene (104 steps)
[   0% ] import | Importing Scene...
[   1% ] import | Running Custom Script...
[  99% ] import | Saving...
[ DONE ] import

[  77% ] reimport | archive_record_small.glb
[   0% ] import | Started Import Scene (104 steps)
[   0% ] import | Importing Scene...
[   1% ] import | Running Custom Script...
[  99% ] import | Saving...
[ DONE ] import

[  83% ] reimport | archive_record_large.glb
[   0% ] import | Started Import Scene (104 steps)
[   0% ] import | Importing Scene...
[   1% ] import | Running Custom Script...
[  99% ] import | Saving...
[ DONE ] import

[  88% ] reimport | archive_display_plinth.glb
[   0% ] import | Started Import Scene (104 steps)
[   0% ] import | Importing Scene...
[   1% ] import | Running Custom Script...
[  99% ] import | Saving...
[ DONE ] import

[  94% ] reimport | Finalizing Asset Import...
[ DONE ] reimport

[   0% ] reimport | Started (Re)Importing Assets (17 steps)
[   0% ] reimport | Executing post-reimport operations...
[ DONE ] reimport

[   0% ] loading_editor_layout | Started Loading editor (5 steps)
[   0% ] loading_editor_layout | Loading editor layout...
[  16% ] loading_editor_layout | Loading docks...
[ DONE ] loading_editor_layout

