Godot Engine v4.7.2.stable.official.ed1daf0bf - https://godotengine.org

ERROR: Failed to read the root certificate store.
   at: get_system_ca_certificates (platform/windows/os_windows.cpp:2582)
[   0% ] first_scan_filesystem | Started Project initialization (5 steps)
[   0% ] first_scan_filesystem | Scanning file structure...
[  16% ] first_scan_filesystem | Loading global class names...
[  33% ] first_scan_filesystem | Verifying GDExtensions...
[  50% ] first_scan_filesystem | Creating autoload scripts...
[  66% ] first_scan_filesystem | Initializing plugins...
[  83% ] first_scan_filesystem | Starting file scan...
[ DONE ] first_scan_filesystem

[   0% ] update_scripts_classes | Started Registering global classes... (6 steps)
[   0% ] update_scripts_classes | 
[  14% ] update_scripts_classes | 
[  28% ] update_scripts_classes | 
[  42% ] update_scripts_classes | 
[  57% ] update_scripts_classes | 
[  71% ] update_scripts_classes | 
[ DONE ] update_scripts_classes

[   0% ] _update_scan_actions | Started Scanning actions... (21 steps)
[   0% ] _update_scan_actions | archive_display_plinth.glb
[   4% ] _update_scan_actions | archive_record_large.glb
[   9% ] _update_scan_actions | archive_record_small.glb
[  13% ] _update_scan_actions | catalog_lectern.glb
[  18% ] _update_scan_actions | curved_floor_perimeter_wedge.glb
[  22% ] _update_scan_actions | main_floor_slab.glb
[  27% ] _update_scan_actions | oculus_curb_segment.glb
[  31% ] _update_scan_actions | passage_portal_bay_frame.glb
[  36% ] _update_scan_actions | radial_roof_beam.glb
[  40% ] _update_scan_actions | rail_module_joiner.glb
[  45% ] _update_scan_actions | rail_recessed_light_insert.glb
[  50% ] _update_scan_actions | reading_bench.glb
[  54% ] _update_scan_actions | record_stack_end_cap.glb
[  59% ] _update_scan_actions | record_stack_shelf_bay.glb
[  63% ] _update_scan_actions | shelf_light_channel.glb
[  68% ] _update_scan_actions | structural_pier_a.glb
[  72% ] _update_scan_actions | timeline_end_cap.glb
[  77% ] _update_scan_actions | timeline_rail_housing.glb
[  81% ] _update_scan_actions | timeline_start_cap.glb
[  86% ] _update_scan_actions | wall_infill_bay.glb
[  90% ] _update_scan_actions | window_bay_frame.glb
[ DONE ] _update_scan_actions

[   0% ] reimport | Started (Re)Importing Assets (21 steps)
[   0% ] reimport | Preparing files to reimport...
[   4% ] reimport | Preparing files to reimport...
[   9% ] reimport | Preparing files to reimport...
[  13% ] reimport | Preparing files to reimport...
[  18% ] reimport | Preparing files to reimport...
[  22% ] reimport | Preparing files to reimport...
[  27% ] reimport | Preparing files to reimport...
[  31% ] reimport | Preparing files to reimport...
[  36% ] reimport | Preparing files to reimport...
[  40% ] reimport | Preparing files to reimport...
[  45% ] reimport | Preparing files to reimport...
[  50% ] reimport | Preparing files to reimport...
[  54% ] reimport | Preparing files to reimport...
[  59% ] reimport | Preparing files to reimport...
[  63% ] reimport | Preparing files to reimport...
[  68% ] reimport | Preparing files to reimport...
[  72% ] reimport | Preparing files to reimport...
[  77% ] reimport | Preparing files to reimport...
[  81% ] reimport | Preparing files to reimport...
[  86% ] reimport | Preparing files to reimport...
[  90% ] reimport | Preparing files to reimport...
[   0% ] reimport | Executing pre-reimport operations...
[   0% ] preload_reimporting_scene | Started Preparing scenes for reload (1 steps)
[   0% ] preload_reimporting_scene | Analyzing scene [empty]
[  50% ] preload_reimporting_scene | Preparation done.
[ DONE ] preload_reimporting_scene

[   0% ] reimport | window_bay_frame.glb
[   0% ] import | Started Import Scene (104 steps)
[   0% ] import | Importing Scene...
[   1% ] import | Running Custom Script...
[  99% ] import | Saving...
[ DONE ] import

[   4% ] reimport | wall_infill_bay.glb
[   0% ] import | Started Import Scene (104 steps)
[   0% ] import | Importing Scene...
[   1% ] import | Running Custom Script...
[  99% ] import | Saving...
[ DONE ] import

[   9% ] reimport | timeline_start_cap.glb
[   0% ] import | Started Import Scene (104 steps)
[   0% ] import | Importing Scene...
[   1% ] import | Running Custom Script...
[  99% ] import | Saving...
[ DONE ] import

[  13% ] reimport | timeline_rail_housing.glb
[   0% ] import | Started Import Scene (104 steps)
[   0% ] import | Importing Scene...
[   1% ] import | Running Custom Script...
[  99% ] import | Saving...
[ DONE ] import

[  18% ] reimport | timeline_end_cap.glb
[   0% ] import | Started Import Scene (104 steps)
[   0% ] import | Importing Scene...
[   1% ] import | Running Custom Script...
[  99% ] import | Saving...
[ DONE ] import

[  22% ] reimport | structural_pier_a.glb
[   0% ] import | Started Import Scene (104 steps)
[   0% ] import | Importing Scene...
[   1% ] import | Running Custom Script...
[  99% ] import | Saving...
[ DONE ] import

[  27% ] reimport | shelf_light_channel.glb
[   0% ] import | Started Import Scene (104 steps)
[   0% ] import | Importing Scene...
[   1% ] import | Running Custom Script...
[  99% ] import | Saving...
[ DONE ] import

[  31% ] reimport | record_stack_shelf_bay.glb
[   0% ] import | Started Import Scene (104 steps)
[   0% ] import | Importing Scene...
[   1% ] import | Running Custom Script...
[  99% ] import | Saving...
[ DONE ] import

[  36% ] reimport | record_stack_end_cap.glb
[   0% ] import | Started Import Scene (104 steps)
[   0% ] import | Importing Scene...
[   1% ] import | Running Custom Script...
[  99% ] import | Saving...
[ DONE ] import

[  40% ] reimport | reading_bench.glb
[   0% ] import | Started Import Scene (104 steps)
[   0% ] import | Importing Scene...
[   1% ] import | Running Custom Script...
[  99% ] import | Saving...
[ DONE ] import

[  45% ] reimport | rail_recessed_light_insert.glb
[   0% ] import | Started Import Scene (104 steps)
[   0% ] import | Importing Scene...
[   1% ] import | Running Custom Script...
[  99% ] import | Saving...
[ DONE ] import

[  50% ] reimport | rail_module_joiner.glb
[   0% ] import | Started Import Scene (104 steps)
[   0% ] import | Importing Scene...
[   1% ] import | Running Custom Script...
[  99% ] import | Saving...
[ DONE ] import

[  54% ] reimport | radial_roof_beam.glb
[   0% ] import | Started Import Scene (104 steps)
[   0% ] import | Importing Scene...
[   1% ] import | Running Custom Script...
[  99% ] import | Saving...
[ DONE ] import

[  59% ] reimport | passage_portal_bay_frame.glb
[   0% ] import | Started Import Scene (104 steps)
[   0% ] import | Importing Scene...
[   1% ] import | Running Custom Script...
[  99% ] import | Saving...
[ DONE ] import

[  63% ] reimport | oculus_curb_segment.glb
[   0% ] import | Started Import Scene (104 steps)
[   0% ] import | Importing Scene...
[   1% ] import | Running Custom Script...
[  99% ] import | Saving...
[ DONE ] import

[  68% ] reimport | main_floor_slab.glb
[   0% ] import | Started Import Scene (104 steps)
[   0% ] import | Importing Scene...
[   1% ] import | Running Custom Script...
[  99% ] import | Saving...
[ DONE ] import

[  72% ] reimport | curved_floor_perimeter_wedge.glb
[   0% ] import | Started Import Scene (104 steps)
[   0% ] import | Importing Scene...
[   1% ] import | Running Custom Script...
[  99% ] import | Saving...
[ DONE ] import

[  77% ] reimport | catalog_lectern.glb
[   0% ] import | Started Import Scene (104 steps)
[   0% ] import | Importing Scene...
[   1% ] import | Running Custom Script...
[  99% ] import | Saving...
[ DONE ] import

[  81% ] reimport | archive_record_small.glb
[   0% ] import | Started Import Scene (104 steps)
[   0% ] import | Importing Scene...
[   1% ] import | Running Custom Script...
[  99% ] import | Saving...
[ DONE ] import

[  86% ] reimport | archive_record_large.glb
[   0% ] import | Started Import Scene (104 steps)
[   0% ] import | Importing Scene...
[   1% ] import | Running Custom Script...
[  99% ] import | Saving...
[ DONE ] import

[  90% ] reimport | archive_display_plinth.glb
[   0% ] import | Started Import Scene (104 steps)
[   0% ] import | Importing Scene...
[   1% ] import | Running Custom Script...
[  99% ] import | Saving...
[ DONE ] import

[  95% ] reimport | Finalizing Asset Import...
[ DONE ] reimport

[   0% ] reimport | Started (Re)Importing Assets (21 steps)
[   0% ] reimport | Executing post-reimport operations...
[ DONE ] reimport

[   0% ] loading_editor_layout | Started Loading editor (5 steps)
[   0% ] loading_editor_layout | Loading editor layout...
[  16% ] loading_editor_layout | Loading docks...
[ DONE ] loading_editor_layout

