Godot Engine v4.7.2.stable.official.ed1daf0bf - https://godotengine.org

ERROR: Failed to read the root certificate store.
   at: get_system_ca_certificates (platform/windows/os_windows.cpp:2582)
[   0% ] first_scan_filesystem | Started Project initialization (5 steps)
[   0% ] first_scan_filesystem | Scanning file structure...
[  16% ] first_scan_filesystem | Loading global class names...
[  33% ] first_scan_filesystem | Verifying GDExtensions...
[  50% ] first_scan_filesystem | Creating autoload scripts...
[  66% ] first_scan_filesystem | Initializing plugins...
[  83% ] first_scan_filesystem | Starting file scan...
[ DONE ] first_scan_filesystem

[   0% ] update_scripts_classes | Started Registering global classes... (7 steps)
[   0% ] update_scripts_classes | 
[  12% ] update_scripts_classes | 
[  25% ] update_scripts_classes | 
[  37% ] update_scripts_classes | 
[  50% ] update_scripts_classes | 
[  62% ] update_scripts_classes | 
[  75% ] update_scripts_classes | 
[ DONE ] update_scripts_classes

[   0% ] _update_scan_actions | Started Scanning actions... (22 steps)
[   0% ] _update_scan_actions | archive_display_plinth.glb
[   4% ] _update_scan_actions | archive_record_large.glb
[   8% ] _update_scan_actions | archive_record_medium.glb
[  13% ] _update_scan_actions | archive_record_small.glb
[  17% ] _update_scan_actions | catalog_lectern.glb
[  21% ] _update_scan_actions | curved_floor_perimeter_wedge.glb
[  26% ] _update_scan_actions | main_floor_slab.glb
[  30% ] _update_scan_actions | oculus_curb_segment.glb
[  34% ] _update_scan_actions | passage_portal_bay_frame.glb
[  39% ] _update_scan_actions | radial_roof_beam.glb
[  43% ] _update_scan_actions | rail_module_joiner.glb
[  47% ] _update_scan_actions | rail_recessed_light_insert.glb
[  52% ] _update_scan_actions | reading_bench.glb
[  56% ] _update_scan_actions | record_stack_end_cap.glb
[  60% ] _update_scan_actions | record_stack_shelf_bay.glb
[  65% ] _update_scan_actions | shelf_light_channel.glb
[  69% ] _update_scan_actions | structural_pier_a.glb
[  73% ] _update_scan_actions | timeline_end_cap.glb
[  78% ] _update_scan_actions | timeline_rail_housing.glb
[  82% ] _update_scan_actions | timeline_start_cap.glb
[  86% ] _update_scan_actions | wall_infill_bay.glb
[  91% ] _update_scan_actions | window_bay_frame.glb
[ DONE ] _update_scan_actions

[   0% ] reimport | Started (Re)Importing Assets (22 steps)
[   0% ] reimport | Preparing files to reimport...
[   4% ] reimport | Preparing files to reimport...
[   8% ] reimport | Preparing files to reimport...
[  13% ] reimport | Preparing files to reimport...
[  17% ] reimport | Preparing files to reimport...
[  21% ] reimport | Preparing files to reimport...
[  26% ] reimport | Preparing files to reimport...
[  30% ] reimport | Preparing files to reimport...
[  34% ] reimport | Preparing files to reimport...
[  39% ] reimport | Preparing files to reimport...
[  43% ] reimport | Preparing files to reimport...
[  47% ] reimport | Preparing files to reimport...
[  52% ] reimport | Preparing files to reimport...
[  56% ] reimport | Preparing files to reimport...
[  60% ] reimport | Preparing files to reimport...
[  65% ] reimport | Preparing files to reimport...
[  69% ] reimport | Preparing files to reimport...
[  73% ] reimport | Preparing files to reimport...
[  78% ] reimport | Preparing files to reimport...
[  82% ] reimport | Preparing files to reimport...
[  86% ] reimport | Preparing files to reimport...
[  91% ] reimport | Preparing files to reimport...
[   0% ] reimport | Executing pre-reimport operations...
[   0% ] preload_reimporting_scene | Started Preparing scenes for reload (1 steps)
[   0% ] preload_reimporting_scene | Analyzing scene [empty]
[  50% ] preload_reimporting_scene | Preparation done.
[ DONE ] preload_reimporting_scene

[   0% ] reimport | window_bay_frame.glb
[   0% ] import | Started Import Scene (104 steps)
[   0% ] import | Importing Scene...
[   1% ] import | Running Custom Script...
[  99% ] import | Saving...
[ DONE ] import

[   4% ] reimport | wall_infill_bay.glb
[   0% ] import | Started Import Scene (104 steps)
[   0% ] import | Importing Scene...
[   1% ] import | Running Custom Script...
[  99% ] import | Saving...
[ DONE ] import

[   8% ] reimport | timeline_start_cap.glb
[   0% ] import | Started Import Scene (104 steps)
[   0% ] import | Importing Scene...
[   1% ] import | Running Custom Script...
[  99% ] import | Saving...
[ DONE ] import

[  13% ] reimport | timeline_rail_housing.glb
[   0% ] import | Started Import Scene (104 steps)
[   0% ] import | Importing Scene...
[   1% ] import | Running Custom Script...
[  99% ] import | Saving...
[ DONE ] import

[  17% ] reimport | timeline_end_cap.glb
[   0% ] import | Started Import Scene (104 steps)
[   0% ] import | Importing Scene...
[   1% ] import | Running Custom Script...
[  99% ] import | Saving...
[ DONE ] import

[  21% ] reimport | structural_pier_a.glb
[   0% ] import | Started Import Scene (104 steps)
[   0% ] import | Importing Scene...
[   1% ] import | Running Custom Script...
[  99% ] import | Saving...
[ DONE ] import

[  26% ] reimport | shelf_light_channel.glb
[   0% ] import | Started Import Scene (104 steps)
[   0% ] import | Importing Scene...
[   1% ] import | Running Custom Script...
[  99% ] import | Saving...
[ DONE ] import

[  30% ] reimport | record_stack_shelf_bay.glb
[   0% ] import | Started Import Scene (104 steps)
[   0% ] import | Importing Scene...
[   1% ] import | Running Custom Script...
[  99% ] import | Saving...
[ DONE ] import

[  34% ] reimport | record_stack_end_cap.glb
[   0% ] import | Started Import Scene (104 steps)
[   0% ] import | Importing Scene...
[   1% ] import | Running Custom Script...
[  99% ] import | Saving...
[ DONE ] import

[  39% ] reimport | reading_bench.glb
[   0% ] import | Started Import Scene (104 steps)
[   0% ] import | Importing Scene...
[   1% ] import | Running Custom Script...
[  99% ] import | Saving...
[ DONE ] import

[  43% ] reimport | rail_recessed_light_insert.glb
[   0% ] import | Started Import Scene (104 steps)
[   0% ] import | Importing Scene...
[   1% ] import | Running Custom Script...
[  99% ] import | Saving...
[ DONE ] import

[  47% ] reimport | rail_module_joiner.glb
[   0% ] import | Started Import Scene (104 steps)
[   0% ] import | Importing Scene...
[   1% ] import | Running Custom Script...
[  99% ] import | Saving...
[ DONE ] import

[  52% ] reimport | radial_roof_beam.glb
[   0% ] import | Started Import Scene (104 steps)
[   0% ] import | Importing Scene...
[   1% ] import | Running Custom Script...
[  99% ] import | Saving...
[ DONE ] import

[  56% ] reimport | passage_portal_bay_frame.glb
[   0% ] import | Started Import Scene (104 steps)
[   0% ] import | Importing Scene...
[   1% ] import | Running Custom Script...
[  99% ] import | Saving...
[ DONE ] import

[  60% ] reimport | oculus_curb_segment.glb
[   0% ] import | Started Import Scene (104 steps)
[   0% ] import | Importing Scene...
[   1% ] import | Running Custom Script...
[  99% ] import | Saving...
[ DONE ] import

[  65% ] reimport | main_floor_slab.glb
[   0% ] import | Started Import Scene (104 steps)
[   0% ] import | Importing Scene...
[   1% ] import | Running Custom Script...
[  99% ] import | Saving...
[ DONE ] import

[  69% ] reimport | curved_floor_perimeter_wedge.glb
[   0% ] import | Started Import Scene (104 steps)
[   0% ] import | Importing Scene...
[   1% ] import | Running Custom Script...
[  99% ] import | Saving...
[ DONE ] import

[  73% ] reimport | catalog_lectern.glb
[   0% ] import | Started Import Scene (104 steps)
[   0% ] import | Importing Scene...
[   1% ] import | Running Custom Script...
[  99% ] import | Saving...
[ DONE ] import

[  78% ] reimport | archive_record_small.glb
[   0% ] import | Started Import Scene (104 steps)
[   0% ] import | Importing Scene...
[   1% ] import | Running Custom Script...
[  99% ] import | Saving...
[ DONE ] import

[  82% ] reimport | archive_record_medium.glb
[   0% ] import | Started Import Scene (104 steps)
[   0% ] import | Importing Scene...
[   1% ] import | Running Custom Script...
[  99% ] import | Saving...
[ DONE ] import

[  86% ] reimport | archive_record_large.glb
[   0% ] import | Started Import Scene (104 steps)
[   0% ] import | Importing Scene...
[   1% ] import | Running Custom Script...
[  99% ] import | Saving...
[ DONE ] import

[  91% ] reimport | archive_display_plinth.glb
[   0% ] import | Started Import Scene (104 steps)
[   0% ] import | Importing Scene...
[   1% ] import | Running Custom Script...
[  99% ] import | Saving...
[ DONE ] import

[  95% ] reimport | Finalizing Asset Import...
[ DONE ] reimport

[   0% ] reimport | Started (Re)Importing Assets (22 steps)
[   0% ] reimport | Executing post-reimport operations...
[ DONE ] reimport

[   0% ] loading_editor_layout | Started Loading editor (5 steps)
[   0% ] loading_editor_layout | Loading editor layout...
[  16% ] loading_editor_layout | Loading docks...
[ DONE ] loading_editor_layout

