Godot Engine v4.7.2.stable.official.ed1daf0bf - https://godotengine.org

ERROR: Failed to read the root certificate store.
   at: get_system_ca_certificates (platform/windows/os_windows.cpp:2582)
[   0% ] first_scan_filesystem | Started Project initialization (5 steps)
[   0% ] first_scan_filesystem | Scanning file structure...
[  16% ] first_scan_filesystem | Loading global class names...
[  33% ] first_scan_filesystem | Verifying GDExtensions...
[  50% ] first_scan_filesystem | Creating autoload scripts...
[  66% ] first_scan_filesystem | Initializing plugins...
[  83% ] first_scan_filesystem | Starting file scan...
[ DONE ] first_scan_filesystem

[   0% ] update_scripts_classes | Started Registering global classes... (7 steps)
[   0% ] update_scripts_classes | 
[  12% ] update_scripts_classes | 
[  25% ] update_scripts_classes | 
[  37% ] update_scripts_classes | 
[  50% ] update_scripts_classes | 
[  62% ] update_scripts_classes | 
[  75% ] update_scripts_classes | 
[ DONE ] update_scripts_classes

[   0% ] _update_scan_actions | Started Scanning actions... (8 steps)
[   0% ] _update_scan_actions | era_label_tab.glb
[  11% ] _update_scan_actions | event_connector_arm.glb
[  22% ] _update_scan_actions | event_socket.glb
[  33% ] _update_scan_actions | event_strip_casing.glb
[  44% ] _update_scan_actions | event_strip_insert.glb
[  55% ] _update_scan_actions | event_strip_rear_pivot.glb
[  66% ] _update_scan_actions | rail_recessed_light_insert.glb
[  77% ] _update_scan_actions | timeline_rail_housing.glb
[ DONE ] _update_scan_actions

[   0% ] reimport | Started (Re)Importing Assets (8 steps)
[   0% ] reimport | Preparing files to reimport...
[  11% ] reimport | Preparing files to reimport...
[  22% ] reimport | Preparing files to reimport...
[  33% ] reimport | Preparing files to reimport...
[  44% ] reimport | Preparing files to reimport...
[  55% ] reimport | Preparing files to reimport...
[  66% ] reimport | Preparing files to reimport...
[  77% ] reimport | Preparing files to reimport...
[   0% ] reimport | Executing pre-reimport operations...
[   0% ] preload_reimporting_scene | Started Preparing scenes for reload (1 steps)
[   0% ] preload_reimporting_scene | Analyzing scene [empty]
[  50% ] preload_reimporting_scene | Preparation done.
[ DONE ] preload_reimporting_scene

[   0% ] reimport | era_label_tab.glb
[   0% ] import | Started Import Scene (104 steps)
[   0% ] import | Importing Scene...
[   1% ] import | Running Custom Script...
[  99% ] import | Saving...
[ DONE ] import

[  11% ] reimport | event_connector_arm.glb
[   0% ] import | Started Import Scene (104 steps)
[   0% ] import | Importing Scene...
[   1% ] import | Running Custom Script...
[  99% ] import | Saving...
[ DONE ] import

[  22% ] reimport | event_socket.glb
[   0% ] import | Started Import Scene (104 steps)
[   0% ] import | Importing Scene...
[   1% ] import | Running Custom Script...
[  99% ] import | Saving...
[ DONE ] import

[  33% ] reimport | event_strip_casing.glb
[   0% ] import | Started Import Scene (104 steps)
[   0% ] import | Importing Scene...
[   1% ] import | Running Custom Script...
[  99% ] import | Saving...
[ DONE ] import

[  44% ] reimport | event_strip_insert.glb
[   0% ] import | Started Import Scene (104 steps)
[   0% ] import | Importing Scene...
[   1% ] import | Running Custom Script...
[  99% ] import | Saving...
[ DONE ] import

[  55% ] reimport | event_strip_rear_pivot.glb
[   0% ] import | Started Import Scene (104 steps)
[   0% ] import | Importing Scene...
[   1% ] import | Running Custom Script...
[  99% ] import | Saving...
[ DONE ] import

[  66% ] reimport | rail_recessed_light_insert.glb
[   0% ] import | Started Import Scene (104 steps)
[   0% ] import | Importing Scene...
[   1% ] import | Running Custom Script...
[  99% ] import | Saving...
[ DONE ] import

[  77% ] reimport | timeline_rail_housing.glb
[   0% ] import | Started Import Scene (104 steps)
[   0% ] import | Importing Scene...
[   1% ] import | Running Custom Script...
[  99% ] import | Saving...
[ DONE ] import

[  88% ] reimport | Finalizing Asset Import...
[ DONE ] reimport

[   0% ] reimport | Started (Re)Importing Assets (8 steps)
[   0% ] reimport | Executing post-reimport operations...
[ DONE ] reimport

[   0% ] loading_editor_layout | Started Loading editor (5 steps)
[   0% ] loading_editor_layout | Loading editor layout...
[  16% ] loading_editor_layout | Loading docks...
[ DONE ] loading_editor_layout

